<html>
<body>
<pre>
<h1>µVision Build Log</h1>
<h2>Tool Versions:</h2>
IDE-Version: µVision V5.38.0.0
Copyright (C) 2022 ARM Ltd and ARM Germany GmbH. All rights reserved.
License Information: vu nghf, vugh, LIC=SDA0P-MMDV3-453T5-GY4RB-ZPP1Q-QKZ0Z
 
Tool Versions:
Toolchain:       MDK-ARM Plus  Version: 5.38.0.0
Toolchain Path:  C:\Keil_v5\ARM\ARMCLANG\Bin
C Compiler:      ArmClang.exe V6.19
Assembler:       Armasm.exe V6.19
Linker/Locator:  ArmLink.exe V6.19
Library Manager: ArmAr.exe V6.19
Hex Converter:   FromElf.exe V6.19
CPU DLL:         SARMCM3.DLL V5.38.0.0
Dialog DLL:      DCM.DLL V1.17.5.0
Target DLL:      STLink\ST-LINKIII-KEIL_SWO.dll V3.1.0.0
Dialog DLL:      TCM.DLL V1.56.4.0
 
<h2>Project:</h2>
D:\CODE\STM\STM32_WatchDog\WatchDog.uvprojx
Project File Date:  09/23/2023

<h2>Output:</h2>
*** Using Compiler 'V6.19', folder: 'C:\Keil_v5\ARM\ARMCLANG\Bin'
Rebuild target 'Target 1'
MAIN/main.c(2): warning: In file included from...
./MAIN\main.h(9): warning: In file included from...
./CLOCK/Clock.h(21): warning: // comments are not allowed in this language [-Wcomment]
//#define APB1_Not_Div
^
MAIN/main.c(17): warning: // comments are not allowed in this language [-Wcomment]
  // IWDG_SetTimeOut_Mili(400);
  ^
MAIN/main.c(15): warning: mixing declarations and code is a C99 extension [-Wdeclaration-after-statement]
  static int a,b;
             ^
MAIN/main.c(15): warning: unused variable 'b' [-Wunused-variable]
  static int a,b;
               ^
4 warnings generated.
compiling main.c...
NVIC/NVIC.c(2): warning: In file included from...
./NVIC/NVIC.h(5): warning: In file included from...
./MAIN\main.h(9): warning: In file included from...
./CLOCK/Clock.h(21): warning: // comments are not allowed in this language [-Wcomment]
//#define APB1_Not_Div
^
NVIC/NVIC.c(2): warning: In file included from...
./NVIC\NVIC.h(6): warning: In file included from...
./NVIC/NVIC_Register.h(21): warning: padding struct 'NVIC_Typedef' with 3 bytes to align 'STIR' [-Wpadded]
  volatile unsigned int STIR;          
                        ^
2 warnings generated.
compiling NVIC.c...
IWDG/IWDG.c(2): warning: In file included from...
./IWDG/IWDG.h(5): warning: In file included from...
./MAIN\main.h(9): warning: In file included from...
./CLOCK/Clock.h(21): warning: // comments are not allowed in this language [-Wcomment]
//#define APB1_Not_Div
^
1 warning generated.
compiling IWDG.c...
TIMER/Timer.c(2): warning: In file included from...
./TIMER/Timer.h(5): warning: In file included from...
./TIMER/Timer_Register.h(5): warning: In file included from...
./MAIN\main.h(9): warning: In file included from...
./CLOCK/Clock.h(21): warning: // comments are not allowed in this language [-Wcomment]
//#define APB1_Not_Div
^
TIMER/Timer.c(28): warning: // comments are not allowed in this language [-Wcomment]
    //Delay_TIM2_ms(5000);
    ^
TIMER/Timer.c(15): warning: function 'Main_TIM2_BASE' could be declared with attribute 'noreturn' [-Wmissing-noreturn]
{
^
TIMER/Timer.c(106): warning: variable declaration in for loop is a C99-specific feature [-Wc99-extensions]
    for( unsigned int i=0; i<=99; i++)
         ^
TIMER/Timer.c(106): warning: GCC does not allow variable declarations in for loop initializers before C99 [-Wgcc-compat]
TIMER/Timer.c(109): warning: variable declaration in for loop is a C99-specific feature [-Wc99-extensions]
      for( unsigned int d=0; d<=100000; d++);
           ^
TIMER/Timer.c(109): warning: GCC does not allow variable declarations in for loop initializers before C99 [-Wgcc-compat]
TIMER/Timer.c(112): warning: variable declaration in for loop is a C99-specific feature [-Wc99-extensions]
    for( unsigned int n=99; n>0; n--)
         ^
TIMER/Timer.c(112): warning: GCC does not allow variable declarations in for loop initializers before C99 [-Wgcc-compat]
TIMER/Timer.c(115): warning: variable declaration in for loop is a C99-specific feature [-Wc99-extensions]
      for( unsigned int j=0; j<=100000; j++);
           ^
TIMER/Timer.c(115): warning: GCC does not allow variable declarations in for loop initializers before C99 [-Wgcc-compat]
TIMER/Timer.c(96): warning: function 'Main_TIM2_PWM' could be declared with attribute 'noreturn' [-Wmissing-noreturn]
{
^
12 warnings generated.
compiling Timer.c...
assembling startup_stm32f10x_md.s...
CLOCK/Clock.c(2): warning: In file included from...
./CLOCK\Clock.h(21): warning: // comments are not allowed in this language [-Wcomment]
//#define APB1_Not_Div
^
1 warning generated.
compiling Clock.c...
RTE/Device/STM32F103C8/system_stm32f10x.c(64): warning: In file included from...
C:/Users/PC/AppData/Local/Arm/Packs/Keil/STM32F1xx_DFP/2.4.1/Device/Include\stm32f10x.h(18): warning: invalid UTF-8 in comment [-Winvalid-utf8]
  *              - To use or not the peripheral<92>s drivers in application code(i.e. 
                                               ^
C:/Users/PC/AppData/Local/Arm/Packs/Keil/STM32F1xx_DFP/2.4.1/Device/Include\stm32f10x.h(19): warning: invalid UTF-8 in comment [-Winvalid-utf8]
  *                code will be based on direct access to peripheral<92>s registers 
                                                                    ^
C:/Users/PC/AppData/Local/Arm/Packs/Keil/STM32F1xx_DFP/2.4.1/Device/Include\stm32f10x.h(26): warning: invalid UTF-8 in comment [-Winvalid-utf8]
  *           - Macros to access peripheral<92>s registers hardware
                                           ^
RTE/Device/STM32F103C8/system_stm32f10x.c(166): warning: no previous extern declaration for non-static variable 'AHBPrescTable' [-Wmissing-variable-declarations]
__I uint8_t AHBPrescTable[16] = {0, 0, 0, 0, 0, 0, 0, 0, 1, 2, 3, 4, 6, 7, 8, 9};
            ^
RTE/Device/STM32F103C8/system_stm32f10x.c(166): note: declare 'static' if the variable is not intended to be used outside of this translation unit
__I uint8_t AHBPrescTable[16] = {0, 0, 0, 0, 0, 0, 0, 0, 1, 2, 3, 4, 6, 7, 8, 9};
    ^
4 warnings generated.
compiling system_stm32f10x.c...
GPIO/GPIO.c(2): warning: In file included from...
./GPIO\GPIO.h(5): warning: In file included from...
./MAIN\main.h(9): warning: In file included from...
./CLOCK/Clock.h(21): warning: // comments are not allowed in this language [-Wcomment]
//#define APB1_Not_Div
^
1 warning generated.
compiling GPIO.c...
linking...
Program Size: Code=2896 RO-data=252 RW-data=0 ZI-data=1640  
FromELF: creating hex file...
".\Objects\WatchDog.axf" - 0 Error(s), 25 Warning(s).

<h2>Software Packages used:</h2>

Package Vendor: ARM
                http://www.keil.com/pack/ARM.CMSIS.5.9.0.pack
                ARM.CMSIS.5.9.0
                CMSIS (Common Microcontroller Software Interface Standard)
   * Component: CORE Version: 5.6.0

Package Vendor: Keil
                https://www.keil.com/pack/Keil.STM32F1xx_DFP.2.4.1.pack
                Keil.STM32F1xx_DFP.2.4.1
                STMicroelectronics STM32F1 Series Device Support, Drivers and Examples
   * Component: Startup Version: 1.0.0

<h2>Collection of Component include folders:</h2>
  ./RTE/Device/STM32F103C8
  ./RTE/_Target_1
  C:/Users/PC/AppData/Local/Arm/Packs/ARM/CMSIS/5.9.0/CMSIS/Core/Include
  C:/Users/PC/AppData/Local/Arm/Packs/Keil/STM32F1xx_DFP/2.4.1/Device/Include

<h2>Collection of Component Files used:</h2>

   * Component: ARM::CMSIS:CORE:5.6.0

   * Component: Keil::Device:Startup:1.0.0
      Include file:  RTE_Driver/Config/RTE_Device.h
      Source file:   Device/Source/ARM/STM32F1xx_OPT.s
      Source file:   Device/Source/system_stm32f10x.c
      Source file:   Device/Source/ARM/startup_stm32f10x_md.s
Build Time Elapsed:  00:00:01
</pre>
</body>
</html>
